[zero-design-template.webflow.io/index.html]
[backblue.gif]
[fade.gif]
[index.html]
[assets.website-files.com/613f07ccd12aa4000cbc257a/css/zero-design-template.webflow.c3bf56b2e.css]
[ajax.googleapis.com/ajax/libs/webfont/1.6.26/webfont.js]
[assets.website-files.com/613f07ccd12aa4000cbc257a/613f07ccd12aa460d8bc263e_favicon32x32.jpg]
[assets.website-files.com/613f07ccd12aa4000cbc257a/613f07ccd12aa46c28bc263f_favico256x256.jpg]
[zero-design-template.webflow.io/landings/landing-1.html]
[zero-design-template.webflow.io/landings/landing-2.html]
[zero-design-template.webflow.io/landings/landing-3.html]
[zero-design-template.webflow.io/landings/landing-4.html]
[zero-design-template.webflow.io/about-page/about-1.html]
[zero-design-template.webflow.io/about-page/about-2.html]
[zero-design-template.webflow.io/contact-page/contact-1.html]
[zero-design-template.webflow.io/contact-page/contact-2.html]
[zero-design-template.webflow.io/contact-page/contact-3.html]
[zero-design-template.webflow.io/more-page/team.html]
[zero-design-template.webflow.io/more-page/faq.html]
[zero-design-template.webflow.io/blog-page/blog-1.html]
[zero-design-template.webflow.io/blog-page/blog-3.html]
[zero-design-template.webflow.io/shop-page/shop-2.html]
[zero-design-template.webflow.io/more-page/work.html]
[zero-design-template.webflow.io/more-page/careers.html]
[zero-design-template.webflow.io/post/what-does-it-mean-to-tailor-a-packaging-solution.html]
[zero-design-template.webflow.io/careers-tag/retail-operation-menager.html]
[zero-design-template.webflow.io/product/zero-shirt.html]
[zero-design-template.webflow.io/more-page/privacy-policy.html]
[zero-design-template.webflow.io/more-page/terms-and-condition.html]
[assets.website-files.com/613f07ccd12aa4000cbc257a/613f07ccd12aa45664bc26d4_description2.jpg]
[assets.website-files.com/613f07ccd12aa4000cbc257a/613f07ccd12aa47c37bc2694_landing1.jpg]
[assets.website-files.com/613f07ccd12aa4000cbc257a/613f07ccd12aa4d979bc2695_landing2.jpg]
[assets.website-files.com/613f07ccd12aa4000cbc257a/613f07ccd12aa48b26bc2696_landing3.jpg]
[assets.website-files.com/613f07ccd12aa4000cbc257a/613f07ccd12aa4986fbc2697_landing4.jpg]
[assets.website-files.com/613f07ccd12aa4000cbc257a/613f07ccd12aa42f5cbc2698_about1.jpg]
[assets.website-files.com/613f07ccd12aa4000cbc257a/613f07ccd12aa45369bc2699_about2.jpg]
[assets.website-files.com/613f07ccd12aa4000cbc257a/613f07ccd12aa4f5c3bc269a_contact1.jpg]
[assets.website-files.com/613f07ccd12aa4000cbc257a/613f07ccd12aa4c18fbc269b_contact2.jpg]
[assets.website-files.com/613f07ccd12aa4000cbc257a/614b42af1e085a4e9324801b_contact3.jpg]
[assets.website-files.com/613f07ccd12aa4000cbc257a/613f07ccd12aa4a245bc269c_team.jpg]
[assets.website-files.com/613f07ccd12aa4000cbc257a/613f07ccd12aa4fae9bc26b0_faq.jpg]
[assets.website-files.com/613f07ccd12aa4000cbc257a/613f07ccd12aa42b9abc26af_work.jpg]
[assets.website-files.com/613f07ccd12aa4000cbc257a/613f07ccd12aa4f239bc26ac_blog1.jpg]
[assets.website-files.com/613f07ccd12aa4000cbc257a/613f07ccd12aa470a3bc26a3_blog2.jpg]
[assets.website-files.com/613f07ccd12aa4000cbc257a/614b42dfaf7ec5e11ec9348b_blog3.jpg]
[assets.website-files.com/613f07ccd12aa4000cbc257a/613f07ccd12aa4550ebc26a4_shop1.jpg]
[assets.website-files.com/613f07ccd12aa4000cbc257a/613f07ccd12aa4d97ebc26a5_shop2.jpg]
[assets.website-files.com/613f07ccd12aa4000cbc257a/613f07ccd12aa436aabc26a8_crrers.jpg]
[assets.website-files.com/613f07ccd12aa4000cbc257a/613f07ccd12aa49835bc26a6_singleproduct.jpg]
[zero-design-template.webflow.io/post/bicycle-on-the-web.html]
[assets.website-files.com/613f07ccd12aa4000cbc257a/613f07ccd12aa4663ebc26a7_singlepost.jpg]
[assets.website-files.com/613f07ccd12aa4000cbc257a/613f07ccd12aa4fde9bc26ad_singlecareers.jpg]
[zero-design-template.webflow.io/project/cora-collins.html]
[assets.website-files.com/613f07ccd12aa4000cbc257a/613f07ccd12aa4d477bc26a2_singlework.jpg]
[assets.website-files.com/613f07ccd12aa4000cbc257a/613f07ccd12aa44a19bc26a9_comingsoon.jpg]
[assets.website-files.com/613f07ccd12aa4000cbc257a/613f07ccd12aa48f0abc26ae_404.jpg]
[assets.website-files.com/613f07ccd12aa4000cbc257a/613f07ccd12aa405d4bc26aa_password.jpg]
[assets.website-files.com/613f07ccd12aa4000cbc257a/613f07ccd12aa4341fbc26ab_privacy.jpg]
[assets.website-files.com/613f07ccd12aa4000cbc257a/613f07ccd12aa4d83dbc26b1_terms.jpg]
[d3e54v103j8qbb.cloudfront.net/js/jquery-3.5.1.min.dc5e7f18c800c2.js]
[zero-design-template.webflow.io/index.html]
[assets.website-files.com/613f07ccd12aa4000cbc257a/js/webflow.4fb55893a.js]
[assets.website-files.com/613f07ccd12aa4000cbc257a/613f07ccd12aa44cb9bc266c_blog5.jpg]
[assets.website-files.com/613f07ccd12aa4000cbc257a/613f07ccd12aa40132bc25be_6.jpg]
[assets.website-files.com/613f07ccd12aa4000cbc257a/613f07ccd12aa43dcebc2636_11.jpg]
[assets.website-files.com/613f07ccd12aa4000cbc257a/613f07ccd12aa4f145bc2647_10.jpg]
[assets.website-files.com/613f07ccd12aa4000cbc257a/613f07ccd12aa44b65bc2604_2.jpg]
[assets.website-files.com/613f07ccd12aa4000cbc257a/613f07ccd12aa41d16bc267b_3.jpg]
[assets.website-files.com/613f07ccd12aa4000cbc257a/613f07ccd12aa45242bc2640_4.png]
[assets.website-files.com/613f07ccd12aa4000cbc257a/613f07ccd12aa41502bc2653_5.jpg]
[assets.website-files.com/613f07ccd12aa4000cbc257a/613f07ccd12aa4063ebc2668_7a.jpg]
[assets.website-files.com/613f07ccd12aa4000cbc257a/613f07ccd12aa40b66bc2669_7b.jpg]
[assets.website-files.com/613f07ccd12aa4000cbc257a/613f07ccd12aa4c608bc2658_1a.jpg]
[assets.website-files.com/613f07ccd12aa4000cbc257a/613f07ccd12aa42347bc2659_1b.jpg]
[assets.website-files.com/613f07ccd12aa4000cbc257a/613f07ccd12aa4c44abc2656_2a.jpg]
[assets.website-files.com/613f07ccd12aa4000cbc257a/613f07ccd12aa45016bc2657_2b.jpg]
[assets.website-files.com/613f07ccd12aa4000cbc257a/613f07ccd12aa4c246bc265c_3a.jpg]
[assets.website-files.com/613f07ccd12aa4000cbc257a/613f07ccd12aa4022abc265d_3b.jpg]
[assets.website-files.com/613f07ccd12aa4000cbc257a/613f07ccd12aa4f27fbc265e_4a.jpg]
[assets.website-files.com/613f07ccd12aa4000cbc257a/613f07ccd12aa45eb6bc265f_4b.jpg]
[assets.website-files.com/613f07ccd12aa4000cbc257a/613f07ccd12aa42daebc2660_5a.jpg]
[assets.website-files.com/613f07ccd12aa4000cbc257a/613f07ccd12aa435efbc2661_5b.jpg]
[assets.website-files.com/613f07ccd12aa4000cbc257a/613f07ccd12aa4927cbc2666_6a.jpg]
[assets.website-files.com/613f07ccd12aa4000cbc257a/613f07ccd12aa4b49bbc2667_6b.jpg]
[assets.website-files.com/613f07ccd12aa4000cbc257a/613f07ccd12aa40b3fbc266a_8a.jpg]
[assets.website-files.com/613f07ccd12aa4000cbc257a/613f07ccd12aa47e44bc266b_8b.jpg]
[assets.website-files.com/613f07ccd12aa4000cbc257a/613f07ccd12aa47807bc265a_2a.jpg]
[assets.website-files.com/613f07ccd12aa4000cbc257a/613f07ccd12aa40007bc2674_2.jpg]
[assets.website-files.com/613f07ccd12aa4000cbc257a/613f07ccd12aa4db40bc2675_1.jpg]
[assets.website-files.com/613f07ccd12aa4000cbc257a/613f07ccd12aa47529bc267a_5.jpg]
[assets.website-files.com/613f07ccd12aa4000cbc257a/613f07ccd12aa46ad4bc2630_card9.jpg]
[assets.website-files.com/613f07ccd12aa4000cbc257a/613f07ccd12aa4d243bc267c_blog8.jpg]
[assets.website-files.com/613f07ccd12aa4000cbc257a/613f07ccd12aa4f17dbc2615_card2.jpg]
[assets.website-files.com/613f07ccd12aa4000cbc257a/613f07ccd12aa4bac6bc267e_product6.jpg]
[assets.website-files.com/613f07ccd12aa4000cbc257a/613f07ccd12aa4ce05bc262d_card6.jpg]
[assets.website-files.com/613f07ccd12aa4000cbc257a/613f07ccd12aa413cebc262f_card8.jpg]
[assets.website-files.com/613f07ccd12aa4000cbc257a/613f07ccd12aa45073bc262c_card5.jpg]
[assets.website-files.com/613f07ccd12aa4000cbc257a/613f07ccd12aa4c9c6bc262e_card7.jpg]
[assets.website-files.com/613f07ccd12aa4000cbc257a/613f07ccd12aa42a49bc2618_1E.jpg]
[assets.website-files.com/613f07ccd12aa4000cbc257a/613f07ccd12aa4217ebc26e8_10.jpg]
[assets.website-files.com/613f07ccd12aa4000cbc257a/css/zero-design-template.webflow.c3bf56b2e.css]
[assets.website-files.com/613f07ccd12aa49752bc257b/613f07ccd12aa40bfebc2725_CARD1.jpg]
[assets.website-files.com/613f07ccd12aa49752bc257b/613f07ccd12aa4a66dbc2726_card2.jpg]
[assets.website-files.com/613f07ccd12aa49752bc257b/613f07ccd12aa440f3bc2727_card3.jpg]
[assets.website-files.com/613f07ccd12aa49752bc257b/613f07ccd12aa46532bc2728_card4.jpg]
[assets.website-files.com/613f07ccd12aa49752bc257b/613f07ccd12aa422edbc25ae_card5.jpg]
[zero-design-template.webflow.io/project/samnio.html]
[assets.website-files.com/613f07ccd12aa49752bc257b/613f07ccd12aa4ca66bc25d2_card6.jpg]
[assets.website-files.com/613f07ccd12aa49752bc257b/613f07ccd12aa453a4bc25e7_card7.jpg]
[assets.website-files.com/613f07ccd12aa49752bc257b/613f07ccd12aa4e53abc25fb_card8.jpg]
[zero-design-template.webflow.io/project/designo.html]
[assets.website-files.com/613f07ccd12aa49752bc257b/613f07ccd12aa432fabc2613_card9.jpg]
[assets.website-files.com/613f07ccd12aa49752bc257b/613f07ccd12aa420c0bc2628_product1.jpg]
[assets.website-files.com/613f07ccd12aa49752bc257b/613f07ccd12aa4b1cfbc263d_product2.jpg]
[assets.website-files.com/613f07ccd12aa49752bc257b/613f07ccd12aa4ed7abc2651_product3.jpg]
[assets.website-files.com/613f07ccd12aa49752bc257b/613f07ccd12aa4756abc2665_product4.jpg]
[assets.website-files.com/613f07ccd12aa49752bc257b/613f07ccd12aa44d7ebc26a1_blog.jpg]
[zero-design-template.webflow.io/post/do-you-think-mobile-first.html]
[assets.website-files.com/613f07ccd12aa49752bc257b/613f07ccd12aa4b8f4bc26b5_blog1.jpg]
[zero-design-template.webflow.io/post/digital-advertising-how-to-get-started.html]
[assets.website-files.com/613f07ccd12aa49752bc257b/613f07ccd12aa4b0f9bc26c9_blog2.jpg]
[zero-design-template.webflow.io/landings/landing-1.html]
[zero-design-template.webflow.io/landings/landing-2.html]
[assets.website-files.com/613f07ccd12aa4000cbc257a/613f07ccd12aa4f074bc2652_circle.png]
[assets.website-files.com/613f07ccd12aa4000cbc257a/613f07ccd12aa465f2bc265b_2b.jpg]
[assets.website-files.com/613f07ccd12aa49752bc257b/613f07ccd12aa436d6bc26dd_blog3.jpg]
[zero-design-template.webflow.io/landings/landing-3.html]
[zero-design-template.webflow.io/landings/landing-4.html]
[assets.website-files.com/613f07ccd12aa4000cbc257a/613f07ccd12aa48a97bc25e0_3.jpg]
[zero-design-template.webflow.io/about-page/about-1.html]
[assets.website-files.com/613f07ccd12aa4000cbc257a/613f07ccd12aa440aabc2680_4.jpg]
[zero-design-template.webflow.io/about-page/about-2.html]
[zero-design-template.webflow.io/contact-page/contact-1.html]
[zero-design-template.webflow.io/contact-page/contact-2.html]
[assets.website-files.com/613f07ccd12aa4000cbc257a/613f07ccd12aa4419ebc2614_CARD1.jpg]
[assets.website-files.com/613f07ccd12aa4000cbc257a/613f07ccd12aa41fb0bc2637_8.jpg]
[zero-design-template.webflow.io/contact-page/contact-3.html]
[assets.website-files.com/613f07ccd12aa4000cbc257a/613f07ccd12aa42388bc2654_1a.jpg]
[assets.website-files.com/613f07ccd12aa4000cbc257a/613f07ccd12aa4f76cbc2655_1b.jpg]
[zero-design-template.webflow.io/more-page/team.html]
[zero-design-template.webflow.io/more-page/faq.html]
[assets.website-files.com/613f07ccd12aa49752bc257b/613f07ccd12aa45192bc26f1_blog4.jpg]
[assets.website-files.com/613f07ccd12aa49752bc257b/613f07ccd12aa42a82bc2703_blog5.jpg]
[assets.website-files.com/613f07ccd12aa49752bc257b/613f07ccd12aa46d3ebc2714_blog6.jpg]
[assets.website-files.com/613f07ccd12aa49752bc257b/613f07ccd12aa42c72bc2724_blog7.jpg]
[zero-design-template.webflow.io/blog-page/blog-1.html]
[zero-design-template.webflow.io/blog-page/blog-3.html]
[assets.website-files.com/613f07ccd12aa49752bc257b/613f07ccd12aa4ebb8bc2679_product5.jpg]
[assets.website-files.com/613f07ccd12aa49752bc257b/613f07ccd12aa4fc64bc268d_product6.jpg]
[zero-design-template.webflow.io/shop-page/shop-2.html]
[zero-design-template.webflow.io/more-page/work.html]
[zero-design-template.webflow.io/more-page/careers.html]
[assets.website-files.com/613f07ccd12aa49752bc257b/613f07ccd12aa4c21cbc272d_6.jpg]
[assets.website-files.com/613f07ccd12aa4000cbc257a/613f07ccd12aa45bf9bc2686_Stationary_Mockup_005.jpg]
[zero-design-template.webflow.io/post/what-does-it-mean-to-tailor-a-packaging-solution.html]
[zero-design-template.webflow.io/careers-tag/retail-operation-menager.html]
[assets.website-files.com/613f07ccd12aa49752bc257b/613f07ccd12aa44d63bc272f_1.jpg]
[assets.website-files.com/613f07ccd12aa49752bc257b/613f07ccd12aa46cd1bc2730_2 (1).jpg]
[assets.website-files.com/613f07ccd12aa49752bc257b/613f07ccd12aa4a9d3bc2731_65900.jpg]
[assets.website-files.com/613f07ccd12aa49752bc257b/613f07ccd12aa47dd8bc2732_rm389-rm363-s74-b19-google-mockup.jpg]
[zero-design-template.webflow.io/product/zero-shirt.html]
[zero-design-template.webflow.io/more-page/privacy-policy.html]
[zero-design-template.webflow.io/more-page/terms-and-condition.html]
[assets.website-files.com/613f07ccd12aa49752bc257b/613f07ccd12aa45dbebc2729_2.jpg]
[zero-design-template.webflow.io/post/bicycle-on-the-web.html]
[assets.website-files.com/613f07ccd12aa4000cbc257a/613f07ccd12aa47391bc2685_26.jpg]
[assets.website-files.com/613f07ccd12aa4000cbc257a/613f07ccd12aa48883bc2687_Stationary_Mockup_009.jpg]
[zero-design-template.webflow.io/project/cora-collins.html]
[zero-design-template.webflow.io/project/samnio.html]
[zero-design-template.webflow.io/project/designo.html]
[assets.website-files.com/613f07ccd12aa49752bc257b/613f07ccd12aa4a05fbc272a_3.jpg]
[zero-design-template.webflow.io/post/do-you-think-mobile-first.html]
[assets.website-files.com/613f07ccd12aa49752bc257b/613f07ccd12aa40540bc272b_4.jpg]
[zero-design-template.webflow.io/post/digital-advertising-how-to-get-started.html]
[assets.website-files.com/60f006a79757da3decaf1d4b/613230eeb208a027de0496ef_blog8.jpg]
[zero-design-template.webflow.io/project/mood-festival.html]
[zero-design-template.webflow.io/_https_/assets.website-files.com/60eede95d5512e2a55b9e7da/60f56292b1e2f2bebc3c891c_Pexels-Free-Creative-Stuff-5575178-1-poster-00001.html]
[zero-design-template.webflow.io/blog-page/blog-2.html]
[zero-design-template.webflow.io/shop-page/shop-1.html]
[zero-design-template.webflow.io/project/mood-festival.html]
[zero-design-template.webflow.io/more-page/coming-soon.html]
[zero-design-template.webflow.io/404.html]
[zero-design-template.webflow.io/401.html]
[zero-design-template.webflow.io/checkout.html]
[zero-design-template.webflow.io/_https_/assets.website-files.com/60eede95d5512e2a55b9e7da/60f02ef277cf174f4ee2f05a_Pexels-Mart-Production-7767334-1-poster-00001.html]
[zero-design-template.webflow.io/_https_/assets.website-files.com/60eede95d5512e2a55b9e7da/60f02ea47c05c147ad30b2a8_Production Id 5192068-1-poster-00001.html]
[zero-design-template.webflow.io/_https_/assets.website-files.com/60eede95d5512e2a55b9e7da/60f02edf7c05c1211730b304_Production Id 5192101-1-poster-00001.html]
[zero-design-template.webflow.io/product/zero-bag.html]
[zero-design-template.webflow.io/careers/creative.html]
[zero-design-template.webflow.io/utility/licensing.html]
[zero-design-template.webflow.io/utility/style-guide.html]
[zero-design-template.webflow.io/landings/_https_/assets.website-files.com/60eede95d5512e2a55b9e7da/60f56292b1e2f2bebc3c891c_Pexels-Free-Creative-Stuff-5575178-1-poster-00001.html]
[zero-design-template.webflow.io/landings/_https_/assets.website-files.com/60eede95d5512e2a55b9e7da/60f02cb32beac52764905308_production ID_3864185-poster-00001.html]
[zero-design-template.webflow.io/landings/_https_/assets.website-files.com/60eede95d5512e2a55b9e7da/60f562b6b91958d64adba6c3_Production Id 4151824-1-poster-00001.html]
[zero-design-template.webflow.io/landings/_https_/assets.website-files.com/60eede95d5512e2a55b9e7da/60f562e434d71950412ba505_Production Id 5192066-1-poster-00001.html]
[zero-design-template.webflow.io/project/snoop.html]
[zero-design-template.webflow.io/project/be-studio.html]
[zero-design-template.webflow.io/project/alice.html]
[zero-design-template.webflow.io/project/aurea.html]
[zero-design-template.webflow.io/project/early-blog.html]
[zero-design-template.webflow.io/product/zero-cup.html]
[zero-design-template.webflow.io/product/zero-box.html]
[zero-design-template.webflow.io/landings/_https_/assets.website-files.com/60eede95d5512e2a55b9e7da/60f195bffadff310c5c4359a_Pexels-Michael-Burrows-7146680-1-poster-00001.html]
[zero-design-template.webflow.io/landings/_https_/assets.website-files.com/60eede95d5512e2a55b9e7da/60f195f70353d07046e91ba6_Pexels-Rodnae-Productions-7148143-1-poster-00001.html]
[zero-design-template.webflow.io/landings/_https_/assets.website-files.com/60eede95d5512e2a55b9e7da/60f19613c3adad042247f1e9_Pexels-Ron-Lach-7117903-1-poster-00001.html]
[zero-design-template.webflow.io/landings/_https_/assets.website-files.com/60eede95d5512e2a55b9e7da/60f196f1a0aa1e5dddf676cb_Pexels-Tima-Miroshnichenko-8724502-1-poster-00001.html]
[zero-design-template.webflow.io/landings/_https_/assets.website-files.com/60eede95d5512e2a55b9e7da/60f19cfaa069f6fb3e651984_Pexels-Cottonbro-8717405-1-poster-00001.html]
[zero-design-template.webflow.io/landings/_https_/assets.website-files.com/60eede95d5512e2a55b9e7da/60f195613d2640bb75b4910f_Production Id 4838265-1-poster-00001.html]
[zero-design-template.webflow.io/landings/_https_/assets.website-files.com/613f07ccd12aa49752bc257b/613f07ccd12aa44d7ebc26a1_blog.html]
[zero-design-template.webflow.io/landings/_https_/assets.website-files.com/613f07ccd12aa49752bc257b/613f07ccd12aa4b8f4bc26b5_blog1.html]
[zero-design-template.webflow.io/landings/_https_/assets.website-files.com/613f07ccd12aa49752bc257b/613f07ccd12aa4b0f9bc26c9_blog2.html]
[zero-design-template.webflow.io/landings/_https_/assets.website-files.com/613f07ccd12aa49752bc257b/613f07ccd12aa436d6bc26dd_blog3.html]
[zero-design-template.webflow.io/post/how-to-create-the-coolest-packaging.html]
[zero-design-template.webflow.io/landings/_https_/assets.website-files.com/60eede95d5512e2a55b9e7da/60f95db5bf76d779ffc3b250_hero-poster-00001.html]
[zero-design-template.webflow.io/landings/_https_/assets.website-files.com/613f07ccd12aa49752bc257b/613f07ccd12aa4a66dbc2726_card2.html]
[zero-design-template.webflow.io/landings/_https_/assets.website-files.com/613f07ccd12aa49752bc257b/613f07ccd12aa440f3bc2727_card3.html]
[zero-design-template.webflow.io/landings/_https_/assets.website-files.com/613f07ccd12aa49752bc257b/613f07ccd12aa46532bc2728_card4.html]
[zero-design-template.webflow.io/landings/_https_/assets.website-files.com/613f07ccd12aa49752bc257b/613f07ccd12aa40bfebc2725_CARD1.html]
[zero-design-template.webflow.io/landings/_https_/assets.website-files.com/60eede95d5512e2a55b9e7da/60f02edf7c05c1211730b304_Production Id 5192101-1-poster-00001.html]
[zero-design-template.webflow.io/about-page/_https_/assets.website-files.com/60eede95d5512e2a55b9e7da/6107f55aaf42d3f4b974a147_about-poster-00001.html]
[zero-design-template.webflow.io/about-page/_https_/assets.website-files.com/613f07ccd12aa49752bc257b/613f07ccd12aa40bfebc2725_CARD1.html]
[zero-design-template.webflow.io/about-page/_https_/assets.website-files.com/613f07ccd12aa49752bc257b/613f07ccd12aa4a66dbc2726_card2.html]
[zero-design-template.webflow.io/about-page/_https_/assets.website-files.com/60eede95d5512e2a55b9e7da/60f56292b1e2f2bebc3c891c_Pexels-Free-Creative-Stuff-5575178-1-poster-00001.html]
[zero-design-template.webflow.io/contact-page/_https_/assets.website-files.com/60eede95d5512e2a55b9e7da/60f56292b1e2f2bebc3c891c_Pexels-Free-Creative-Stuff-5575178-1-poster-00001.html]
[zero-design-template.webflow.io/contact-page/_https_/assets.website-files.com/60eede95d5512e2a55b9e7da/60f95db5bf76d779ffc3b250_hero-poster-00001.html]
[zero-design-template.webflow.io/contact-page/_https_/assets.website-files.com/613f07ccd12aa4000cbc257a/613f07ccd12aa46977bc2635_Production Id 5192066-1-poster-00001.html]
[zero-design-template.webflow.io/more-page/_https_/assets.website-files.com/60eede95d5512e2a55b9e7da/60f56292b1e2f2bebc3c891c_Pexels-Free-Creative-Stuff-5575178-1-poster-00001.html]
[zero-design-template.webflow.io/blog-page/_https_/assets.website-files.com/60eede95d5512e2a55b9e7da/60f56292b1e2f2bebc3c891c_Pexels-Free-Creative-Stuff-5575178-1-poster-00001.html]
[zero-design-template.webflow.io/post/the-old-fashioned-design-is-still-alive.html]
[zero-design-template.webflow.io/post/how-to-design-footwear.html]
[zero-design-template.webflow.io/post/let-your-design-be-sparkling.html]
[zero-design-template.webflow.io/post/my-dream-project-meet-frank.html]
[zero-design-template.webflow.io/shop-page/_https_/assets.website-files.com/60eede95d5512e2a55b9e7da/60f56292b1e2f2bebc3c891c_Pexels-Free-Creative-Stuff-5575178-1-poster-00001.html]
[zero-design-template.webflow.io/product/zero-book.html]
[zero-design-template.webflow.io/product/zero-card.html]
[zero-design-template.webflow.io/more-page/_https_/assets.website-files.com/60eede95d5512e2a55b9e7da/60f562e434d71950412ba505_Production Id 5192066-1-poster-00001.html]
[zero-design-template.webflow.io/careers-tag/art-director.html]
[zero-design-template.webflow.io/careers-tag/web-designer.html]
[zero-design-template.webflow.io/careers-tag/creative-director.html]
[zero-design-template.webflow.io/careers-tag/digital-marketing-manager.html]
[zero-design-template.webflow.io/careers-tag/social-media-manager.html]
[zero-design-template.webflow.io/careers-tag/community-manager.html]
[zero-design-template.webflow.io/careers-tag/understend.html]
[zero-design-template.webflow.io/careers-tag/operation-menager.html]
[zero-design-template.webflow.io/careers-tag/capability-network-manager.html]
[zero-design-template.webflow.io/careers-tag/strategy-analyst.html]
[zero-design-template.webflow.io/careers-tag/security-consulting-manager.html]
[zero-design-template.webflow.io/post/_https_/assets.website-files.com/60eede95d5512e2a55b9e7da/60f56292b1e2f2bebc3c891c_Pexels-Free-Creative-Stuff-5575178-1-poster-00001.html]
[zero-design-template.webflow.io/careers-tag/_https_/assets.website-files.com/60eede95d5512e2a55b9e7da/60f56292b1e2f2bebc3c891c_Pexels-Free-Creative-Stuff-5575178-1-poster-00001.html]
[zero-design-template.webflow.io/product/_https_/assets.website-files.com/613f07ccd12aa49752bc257b/613f07ccd12aa4b1cfbc263d_product2.html]
[zero-design-template.webflow.io/product/_https_/assets.website-files.com/60eede95d5512e2a55b9e7da/60f56292b1e2f2bebc3c891c_Pexels-Free-Creative-Stuff-5575178-1-poster-00001.html]
[zero-design-template.webflow.io/project/_https_/assets.website-files.com/60eede95d5512e2a55b9e7da/60f56292b1e2f2bebc3c891c_Pexels-Free-Creative-Stuff-5575178-1-poster-00001.html]
