[gringo-template.webflow.io/index.html]
[backblue.gif]
[fade.gif]
[index.html]
[assets.website-files.com/60cc0ce7858143ba7e80ab3c/css/gringo-template.webflow.25f168eca.css]
[gringo-template.webflow.io/home/home-1.html]
[gringo-template.webflow.io/home/home-2.html]
[gringo-template.webflow.io/home/home-3.html]
[gringo-template.webflow.io/about/company.html]
[gringo-template.webflow.io/about/company-2.html]
[gringo-template.webflow.io/about/company-3.html]
[gringo-template.webflow.io/portfolio/work-1.html]
[gringo-template.webflow.io/portfolio/work-2.html]
[gringo-template.webflow.io/portfolio/work-3.html]
[gringo-template.webflow.io/contact/contact.html]
[gringo-template.webflow.io/contact/contact-2.html]
[gringo-template.webflow.io/template/style-guide.html]
[gringo-template.webflow.io/journal.html]
[assets.website-files.com/60cc0ce7858143ba7e80ab3c/612ea34820ef9916541f6938_home-1.jpg]
[assets.website-files.com/60cc0ce7858143ba7e80ab3c/61302c6554845011dbd5a7f4_home-2.jpg]
[assets.website-files.com/60cc0ce7858143ba7e80ab3c/612ea379d247e86b044620e2_home-3.jpg]
[assets.website-files.com/60cc0ce7858143ba7e80ab3c/612ea39907438167b355894d_Company-1.jpg]
[assets.website-files.com/60cc0ce7858143ba7e80ab3c/612ea3c0acfb7fa5197d3261_Company-2.jpg]
[assets.website-files.com/60cc0ce7858143ba7e80ab3c/612ea3cdfe4f835c368bfecd_company-3.jpg]
[assets.website-files.com/60cc0ce7858143ba7e80ab3c/612ea536a20695222af6efac_works-1.jpg]
[assets.website-files.com/60cc0ce7858143ba7e80ab3c/612ea3f84a8e4274a9a99ddd_works-2.jpg]
[assets.website-files.com/60cc0ce7858143ba7e80ab3c/61303c93bf97096d5d61907f_works-3.jpg]
[gringo-template.webflow.io/work/knife-prty.html]
[assets.website-files.com/60cc0ce7858143ba7e80ab3c/612ea5844a8e423ed0a9a38b_case.jpg]
[d3e54v103j8qbb.cloudfront.net/js/jquery-3.5.1.min.dc5e7f18c87c96.js]
[gringo-template.webflow.io/index.html]
[assets.website-files.com/60cc0ce7858143ba7e80ab3c/css/gringo-template.webflow.25f168eca.css]
[assets.website-files.com/60cc0ce7858143ba7e80ab3c/js/webflow.31eb5146c.js]
[assets.website-files.com/60cc0ce7858143ba7e80ab3c/612e8baca7dc8f625ba2fdbb_kevin-mueller-KBHqwZ4z69Y-unsplash.jpg]
[assets.website-files.com/60cc0ce7858143ba7e80ab3c/612e8bbadc45c6ba9bfed67e_aishath-hameeda-IGM_hS3uRao-unsplash.jpg]
[assets.website-files.com/60cc0ce7858143ba7e80ab3c/612d51019eea7f7caff696e1_seven-wordsArtboard-1-copy-8.png]
[assets.website-files.com/60cc0ce7858143ba7e80ab3c/612d8b50cfa6988a692d0326_Untitled-4.gif]
[assets.website-files.com/60cc0ce7858143ba7e80ab3c/612e8bd199275f7bf6d99d6e_kim-carpenter-IHIgnhLvz5Q-unsplash.jpg]
[assets.website-files.com/60cc0ce7858143ba7e80ab3c/612e8c11bef425d1030f3c4c_anton-shakirov-fnylyZVS-x4-unsplash.jpg]
[gringo-template.webflow.io/team/litzy-strosin.html]
[assets.website-files.com/60cc0ce7858143093480ab70/61245fc9aac70507ce14d8de_jandre-van-der-walt-iBiiIiCDWh0-unsplash.jpg]
[gringo-template.webflow.io/team/eudora-turcotte.html]
[assets.website-files.com/60cc0ce7858143093480ab70/61245f4f1040c515c78ebbbd_kirill-balobanov-sRPbVu7FOsw-unsplash.jpg]
[gringo-template.webflow.io/team/madilyn-pagac.html]
[assets.website-files.com/60cc0ce7858143093480ab70/61245f59e1deec001c04127b_max-ducourneau-AJKyiy6915c-unsplash.jpg]
[gringo-template.webflow.io/team/lewis-effertz.html]
[assets.website-files.com/60cc0ce7858143093480ab70/61245f6287ab19e9494c6597_steven-erixon-C1nxojDnNPo-unsplash.jpg]
[assets.website-files.com/60cc0ce7858143093480ab70/612d89cd6a5e36a48e094ef3_Untitled-4.gif]
[gringo-template.webflow.io/work/rosemary.html]
[gringo-template.webflow.io/work/digital-bath.html]
[assets.website-files.com/60cc0ce7858143093480ab70/613026df0ece476fdd21048d_anton-shakirov-fnylyZVS-x4-unsplash.jpg]
[gringo-template.webflow.io/work/my-own-summer.html]
[assets.website-files.com/60cc0ce7858143093480ab70/6130483506c135793f748dc3_kevin-mueller-KBHqwZ4z69Y-unsplash.jpg]
[gringo-template.webflow.io/home/home-1.html]
[assets.website-files.com/60cc0ce7858143ba7e80ab3c/61303eaa2ac5e7e8217e9c47_apps-mos-2.jpg]
[assets.website-files.com/60cc0ce7858143ba7e80ab3c/611f054392be91fc1c7c12a6_anton-shakirov-fnylyZVS-x4-unsplash.jpg]
[assets.website-files.com/60cc0ce7858143ba7e80ab3c/612d6effbaed457648ad42f5_3702824.png]
[assets.website-files.com/60cc0ce7858143ba7e80ab3c/61290ebd47a6e1469b964365_kim-carpenter-IHIgnhLvz5Q-unsplash.jpg]
[assets.website-files.com/60cc0ce7858143ba7e80ab3c/61290b7eb587b10fbdb81c27_jade-scarlato-U2jzni9J6sc-unsplash.jpg]
[assets.website-files.com/60cc0ce7858143ba7e80ab3c/612932572df3cd9da831fd27_jo-szczepanska-bjemWZcNF34-unsplash.jpg]
[assets.website-files.com/60cc0ce7858143ba7e80ab3c/612e8c6e2b4e15a53fb3bed5_leon-8wH1NjFthaY-unsplash.jpg]
[assets.website-files.com/60cc0ce7858143ba7e80ab3c/61290c8347a6e1ee1c961a26_pexels-artem-podrez-7773879.jpg]
[assets.website-files.com/60cc0ce7858143ba7e80ab3c/6129335e0bc3a6b9664f49b3_leon-8wH1NjFthaY-unsplash.jpg]
[assets.website-files.com/60cc0ce7858143ba7e80ab3c/6129327b101af9236cf7f80d_leon-Kt-E_Qq8DW4-unsplash.jpg]
[assets.website-files.com/60cc0ce7858143ba7e80ab3c/61290fc69950150208be703e_honey_001.jpg]
[gringo-template.webflow.io/home/home-2.html]
[assets.website-files.com/60cc0ce7858143ba7e80ab3c/612e8cfa998a44124281c7a2_funny-overweight-fat-man-with-curly-ginger-hair-holding-big-chile-pepper-his-temple-like-pistol.jpg]
[assets.website-files.com/60cc0ce7858143ba7e80ab3c/612e8d09922a93fbb165c488_albert-vincent-wu-O_hQG5mOAbA-unsplash.jpg]
[assets.website-files.com/60cc0ce7858143ba7e80ab3c/612e8cf0d1c6274924d64257_jade-scarlato-U2jzni9J6sc-unsplash.jpg]
[assets.website-files.com/60cc0ce7858143ba7e80ab3c/612d689484673716210ada4e_Artboard Copy 5.png]
[assets.website-files.com/60cc0ce7858143ba7e80ab3c/612e8ce596b12737340af80c_devn-vXpbB4-4OOM-unsplash.jpg]
[gringo-template.webflow.io/work/seven-words.html]
[assets.website-files.com/60cc0ce7858143093480ab70/613048bc1a201332d52a81c4_seven-wordsArtboard-1-copy-8.jpg]
[gringo-template.webflow.io/work/riviere.html]
[assets.website-files.com/60cc0ce7858143093480ab70/61304986afa2c12e88aa4eb7_colorful.jpg]
[gringo-template.webflow.io/home/home-3.html]
[assets.website-files.com/60cc0ce7858143ba7e80ab3c/612d6de4389fcaa45e60a72a_kevin-mueller-KBHqwZ4z69Y-unsplash.jpg]
[assets.website-files.com/60cc0ce7858143ba7e80ab3c/612931ca97627baf5f7791e0_david-travis-WC6MJ0kRzGw-unsplash.jpg]
[gringo-template.webflow.io/post/7-things-about-web-design-your-boss-wants-to-know.html]
[assets.website-files.com/60cc0ce7858143093480ab70/612d9c1e60b584640eea7940_simon-lee-JbP5BLSvEkU-unsplash.jpg]
[gringo-template.webflow.io/post/7-ways-to-improve-website-usability-and-accessibility.html]
[assets.website-files.com/60cc0ce7858143093480ab70/612d9cf3a57af93f98db5c0e_fakurian-design-d4lv5slqeqY-unsplash (1).jpg]
[gringo-template.webflow.io/post/10-web-design-blogs-you-cant-miss.html]
[assets.website-files.com/60cc0ce7858143093480ab70/612d9d04ae0d2113281e8cc6_fakurian-design-3CoSLrSrvhY-unsplash.jpg]
[gringo-template.webflow.io/about/company.html]
[assets.website-files.com/60cc0ce7858143ba7e80ab3c/612934ef6444205b60294719_product-school-XZkk5xT8Xrk-unsplash.jpg]
[gringo-template.webflow.io/about/company-2.html]
[assets.website-files.com/60cc0ce7858143ba7e80ab3c/612dad2ae2e1a27c4e6f1e74_river-004.png]
[gringo-template.webflow.io/about/company-3.html]
[gringo-template.webflow.io/portfolio/work-1.html]
[assets.website-files.com/60cc0ce7858143093480ab70/613030462c329b3d85633d45_Artboard Copy 27.jpg]
[assets.website-files.com/60cc0ce7858143093480ab70/612d6e100d2a52d68870bc4e_3702824.png]
[assets.website-files.com/60cc0ce7858143093480ab70/6130299defdba202988b637b_apps-mos.jpg]
[assets.website-files.com/60cc0ce7858143093480ab70/612da94d5944c98002811835_seven-wordsArtboard-1-copy-5.png]
[assets.website-files.com/60cc0ce7858143093480ab70/612da70ee2e1a24bbe6efcc2_river-002.png]
[gringo-template.webflow.io/portfolio/work-2.html]
[gringo-template.webflow.io/portfolio/work-3.html]
[assets.website-files.com/60cc0ce7858143ba7e80ab3c/61304f14a18940eb281bf545_nyc.jpg]
[assets.website-files.com/60cc0ce7858143ba7e80ab3c/61304e90f343ef5d067d8a57_paris.jpg]
[assets.website-files.com/60cc0ce7858143ba7e80ab3c/61304f2676a6cdb8e3adc874_barcelona.jpg]
[gringo-template.webflow.io/contact/contact.html]
[gringo-template.webflow.io/contact/contact-2.html]
[assets.website-files.com/60cc0ce7858143ba7e80ab3c/612e72284c903c40892d34cd_river-001.png]
[gringo-template.webflow.io/template/style-guide.html]
[gringo-template.webflow.io/post/5-great-web-design-resources.html]
[assets.website-files.com/60cc0ce7858143093480ab70/612d9d499511a725ec8bc265_fakurian-design-UI81cov4gSY-unsplash.jpg]
[gringo-template.webflow.io/post/7-must-have-tools-for-web-designers.html]
[assets.website-files.com/60cc0ce7858143093480ab70/612d9d546cbd7d238cf8339e_fakurian-design-F93PQmh4krI-unsplash.jpg]
[gringo-template.webflow.io/journal.html]
[assets.website-files.com/60cc0ce7858143093480ab70/612ed4ca8e1e38af2bef1afc_kp-mobile.jpg]
[assets.website-files.com/60cc0ce7858143093480ab70/612ed5ea859b97c4c8f567ce_3702696.jpg]
[gringo-template.webflow.io/work/knife-prty.html]
[gringo-template.webflow.io/team/litzy-strosin.html]
[gringo-template.webflow.io/team/eudora-turcotte.html]
[gringo-template.webflow.io/team/madilyn-pagac.html]
[gringo-template.webflow.io/team/lewis-effertz.html]
[assets.website-files.com/60cc0ce7858143093480ab70/613030b676a6cd1fa5ad4c0f_ro-001.jpg]
[assets.website-files.com/60cc0ce7858143093480ab70/613030b952ea14c6177a75ce_ro-002.jpg]
[assets.website-files.com/60cc0ce7858143093480ab70/613030bd12b7e0c5cce4e1ab_ro-003.jpg]
[assets.website-files.com/60cc0ce7858143093480ab70/613030c19fb848396f3a05ac_ro-004.jpg]
[gringo-template.webflow.io/work/rosemary.html]
[gringo-template.webflow.io/work/digital-bath.html]
[assets.website-files.com/60cc0ce7858143093480ab70/61302a316cb8d6465a6b55bd_apps-mos-2.jpg]
[gringo-template.webflow.io/work/my-own-summer.html]
[assets.website-files.com/60cc0ce7858143093480ab70/612da957e0252f101d56ee76_seven-wordsArtboard-1-copy-4.png]
[assets.website-files.com/60cc0ce7858143093480ab70/612da95fb1aec81d9dbc3558_seven-wordsArtboard-1-copy.png]
[assets.website-files.com/60cc0ce7858143093480ab70/612da96ef4d0f88049de2382_seven-wordsArtboard-1-copy-3.png]
[gringo-template.webflow.io/work/seven-words.html]
[assets.website-files.com/60cc0ce7858143093480ab70/612da71560b5845f19eabd4f_river-001.png]
[assets.website-files.com/60cc0ce7858143093480ab70/612da78d550b5973fb569ab4_river-003.png]
[assets.website-files.com/60cc0ce7858143093480ab70/612da882ee8b9d27594d5c19_river-004.png]
[gringo-template.webflow.io/work/riviere.html]
[gringo-template.webflow.io/post/7-things-about-web-design-your-boss-wants-to-know.html]
[gringo-template.webflow.io/post/7-ways-to-improve-website-usability-and-accessibility.html]
[gringo-template.webflow.io/post/10-web-design-blogs-you-cant-miss.html]
[gringo-template.webflow.io/post/5-great-web-design-resources.html]
[gringo-template.webflow.io/post/7-must-have-tools-for-web-designers.html]
[gringo-template.webflow.io/contact/contact-3.html]
[gringo-template.webflow.io/template/changelog.html]
[gringo-template.webflow.io/template/licensing.html]
[gringo-template.webflow.io/work/_https_/assets.website-files.com/60cc0ce7858143093480ab70/612d89cd6a5e36a48e094ef3_Untitled-4.html]
[gringo-template.webflow.io/work/_https_/assets.website-files.com/60cc0ce7858143093480ab70/6130483506c135793f748dc3_kevin-mueller-KBHqwZ4z69Y-unsplash.html]
[gringo-template.webflow.io/work/_https_/assets.website-files.com/60cc0ce7858143093480ab70/61303fc64854466e91ee9d3f_main-rosemary.html]
[gringo-template.webflow.io/work/_https_/assets.website-files.com/60cc0ce7858143093480ab70/613026df0ece476fdd21048d_anton-shakirov-fnylyZVS-x4-unsplash.html]
[gringo-template.webflow.io/work/_https_/assets.website-files.com/60cc0ce7858143093480ab70/613048bc1a201332d52a81c4_seven-wordsArtboard-1-copy-8.html]
[gringo-template.webflow.io/work/_https_/assets.website-files.com/60cc0ce7858143093480ab70/61304986afa2c12e88aa4eb7_colorful.html]
