[agencyper.webflow.io/index.html]
[backblue.gif]
[fade.gif]
[index.html]
[assets.website-files.com/6130aa3116b32a3a9aedff03/css/agencyper.webflow.3bf77262d.css]
[assets.website-files.com/6130aa3116b32a3a9aedff03/6130aa3116b32ae151edff5f_favicon.png]
[assets.website-files.com/6130aa3116b32a3a9aedff03/6130aa3116b32a965cedff64_webclip.png]
[agencyper.webflow.io/homepage/demo-1.html]
[assets.website-files.com/6130aa3116b32a3a9aedff03/6130aa3116b32a606dedfff4_Home_1.jpg]
[agencyper.webflow.io/homepage/demo-2.html]
[assets.website-files.com/6130aa3116b32a3a9aedff03/6130aa3116b32a95e3edfff5_Home_2.jpg]
[agencyper.webflow.io/homepage/demo-3.html]
[assets.website-files.com/6130aa3116b32a3a9aedff03/6130aa3116b32a6983edfff6_Home_9.jpg]
[agencyper.webflow.io/homepage/demo-4.html]
[assets.website-files.com/6130aa3116b32a3a9aedff03/6130aa3116b32aa496edfff7_Home_4.jpg]
[agencyper.webflow.io/homepage/demo-5.html]
[assets.website-files.com/6130aa3116b32a3a9aedff03/6130aa3116b32a7c8dee0026_Home_5.jpg]
[agencyper.webflow.io/homepage/demo-6.html]
[assets.website-files.com/6130aa3116b32a3a9aedff03/6130aa3116b32acd80edfffc_Home_6.jpg]
[agencyper.webflow.io/homepage/demo-7.html]
[assets.website-files.com/6130aa3116b32a3a9aedff03/6130aa3116b32aeacdedfffd_Home_7.jpg]
[agencyper.webflow.io/homepage/demo-8.html]
[assets.website-files.com/6130aa3116b32a3a9aedff03/6130aa3116b32a5eaeedfffe_Home_8.jpg]
[agencyper.webflow.io/homepage/demo-9.html]
[assets.website-files.com/6130aa3116b32a3a9aedff03/6130aa3116b32af8e5ee0027_Home_9.jpg]
[assets.website-files.com/6130aa3116b32a3a9aedff03/6130aa3116b32a2e7aee0000_About_1.jpg]
[assets.website-files.com/6130aa3116b32a3a9aedff03/6130aa3116b32a211eedffff_About_2.jpg]
[assets.website-files.com/6130aa3116b32a3a9aedff03/6130aa3116b32ad5c0ee0028_About_3.jpg]
[assets.website-files.com/6130aa3116b32a3a9aedff03/6130aa3116b32a2fdeee0003_About_4.jpg]
[assets.website-files.com/6130aa3116b32a3a9aedff03/6130aa3116b32a0c8fee0029_About_5.jpg]
[assets.website-files.com/6130aa3116b32a3a9aedff03/6130aa3116b32af351ee0002_About_6.jpg]
[assets.website-files.com/6130aa3116b32a3a9aedff03/6130aa3116b32a9b7eee0001_About_7.jpg]
[assets.website-files.com/6130aa3116b32a3a9aedff03/6130aa3116b32a1480ee0004_About_8.jpg]
[assets.website-files.com/6130aa3116b32a3a9aedff03/6130aa3116b32aebcdee002a_About_9.jpg]
[agencyper.webflow.io/work/demo-1.html]
[assets.website-files.com/6130aa3116b32a3a9aedff03/6130aa3116b32a0b33ee0009_Project_1.jpg]
[assets.website-files.com/6130aa3116b32a3a9aedff03/6130aa3116b32a6021ee0013_Project_2.jpg]
[assets.website-files.com/6130aa3116b32a3a9aedff03/6130aa3116b32a756fee0005_Project_3.jpg]
[agencyper.webflow.io/work/demo-4.html]
[assets.website-files.com/6130aa3116b32a3a9aedff03/6130aa3116b32ad2e6ee0008_Project_4.jpg]
[assets.website-files.com/6130aa3116b32a3a9aedff03/6130aa3116b32ad55cee000a_Project_5.jpg]
[assets.website-files.com/6130aa3116b32a3a9aedff03/6130aa3116b32a562aee000b_Project_6.jpg]
[agencyper.webflow.io/work/demo-7.html]
[assets.website-files.com/6130aa3116b32a3a9aedff03/6130aa3116b32abdacee002b_Project_7.jpg]
[assets.website-files.com/6130aa3116b32a3a9aedff03/6130aa3116b32a72fcee0007_Project_8.jpg]
[assets.website-files.com/6130aa3116b32a3a9aedff03/6130aa3116b32a4bf0ee002c_Project_9.jpg]
[agencyper.webflow.io/blog/demo-1.html]
[assets.website-files.com/6130aa3116b32a3a9aedff03/6130aa3116b32a6039ee0010_Blog_6.jpg]
[assets.website-files.com/6130aa3116b32a3a9aedff03/6130aa3116b32a7a30ee0012_Blog_2.jpg]
[assets.website-files.com/6130aa3116b32a3a9aedff03/6130aa3116b32ab7faee0011_Blog_3.jpg]
[assets.website-files.com/6130aa3116b32a3a9aedff03/6130aa3116b32a66b0ee0014_Blog_4.jpg]
[assets.website-files.com/6130aa3116b32a3a9aedff03/6130aa3116b32a5d25ee000f_Blog_5.jpg]
[agencyper.webflow.io/category/design.html]
[assets.website-files.com/6130aa3116b32a3a9aedff03/6130aa3116b32a0abdee0019_Contact_1.jpg]
[assets.website-files.com/6130aa3116b32a3a9aedff03/6130aa3116b32ae77cee001d_Contact_2.jpg]
[assets.website-files.com/6130aa3116b32a3a9aedff03/6130aa3116b32a783eee001a_Contact_3.jpg]
[assets.website-files.com/6130aa3116b32a3a9aedff03/6130aa3116b32a11aeee001c_Contact_4.jpg]
[assets.website-files.com/6130aa3116b32a3a9aedff03/6130aa3116b32a0a92ee001b_Contact_5.jpg]
[assets.website-files.com/6130aa3116b32a3a9aedff03/6130aa3116b32ac3d0ee0023_Utilities_1.jpg]
[agencyper.webflow.io/utilities/style-guide.html]
[assets.website-files.com/6130aa3116b32a3a9aedff03/6130aa3116b32ae980ee0024_Utilities_2.jpg]
[assets.website-files.com/6130aa3116b32a3a9aedff03/6130aa3116b32a1200ee0022_Utilities_3.jpg]
[d3e54v103j8qbb.cloudfront.net/js/jquery-3.5.1.min.dc5e7f18c8ff26.js]
[agencyper.webflow.io/index.html]
[assets.website-files.com/6130aa3116b32a3a9aedff03/js/webflow.786d47102.js]
[assets.website-files.com/6130aa3116b32a3a9aedff03/6130aa3116b32abdddedffe5_pexels-william-fortunato-6140676_TINY.jpg]
[assets.website-files.com/6130aa3116b32a3a9aedff03/6130aa3116b32a78ebedffe3_windows-4jObbWz5vfI-unsplash_TINY.jpg]
[assets.website-files.com/6130aa3116b32a3a9aedff03/6130aa3116b32a1730edffe4_pexels-photo-6001402_TINY.jpg]
[assets.website-files.com/6130aa3116b32a3a9aedff03/6130aa3116b32a5302edffe9_pexels-william-fortunato-6140696_TINY.jpg]
[assets.website-files.com/6130aa3116b32a3a9aedff03/6130aa3116b32a3292ee001e_Lisa.png]
[assets.website-files.com/6130aa3116b32a3a9aedff03/61351cb46048e4b107aeca06_audrey-fretz-3ExPoluud54-unsplash.jpg]
[assets.website-files.com/6130aa3116b32a3a9aedff03/6130aa3116b32a6789ee0048_3.jpg]
[assets.website-files.com/6130aa3116b32a3a9aedff03/6130aa3116b32a5197ee0042_pexels-cottonbro-4153800.jpg]
[assets.website-files.com/6130aa3116b32a3a9aedff03/css/agencyper.webflow.3bf77262d.css]
[agencyper.webflow.io/case-study/albatros.html]
[assets.website-files.com/6130aa3116b32a67d6edff31/6130aa3116b32a838aedff90_SCREENSITE2.jpg]
[agencyper.webflow.io/case-study/alberald.html]
[assets.website-files.com/6130aa3116b32a67d6edff31/6130aa3116b32a110dedffa3_SCREENAPP2.jpg]
[assets.website-files.com/6130aa3116b32a67d6edff31/6130aa3116b32aaa7aedffb6_SCREENSITE3.jpg]
[assets.website-files.com/6130aa3116b32a67d6edff31/6130aa3116b32a3177edffc8_SCREENAPP.jpg]
[assets.website-files.com/6130aa3116b32a67d6edff31/6130aa3116b32a0958edffe8_SCREENSITE.jpg]
[agencyper.webflow.io/case-study/ketfair.html]
[assets.website-files.com/6130aa3116b32a67d6edff31/6130aa3116b32a5281ee00c7_SCREENSITE5.jpg]
[agencyper.webflow.io/homepage/demo-1.html]
[assets.website-files.com/6130aa3116b32a3a9aedff03/6130aa3116b32a2454edff65_Closeup-poster-00001.jpg]
[assets.website-files.com/6130aa3116b32a3a9aedff03/6130aa3116b32a51a3edff96_SCREENSITE3.jpg]
[assets.website-files.com/6130aa3116b32a3a9aedff03/6130aa3116b32a9e7dedff95_SCREENAPP2.jpg]
[assets.website-files.com/6130aa3116b32a3a9aedff03/6130aa3116b32af42eedffab_SCREENSITE4-2.jpg]
[assets.website-files.com/6130aa3116b32a3a9aedff03/6130aa3116b32a0816edff73_iPhone_Macbook_3.jpg]
[agencyper.webflow.io/homepage/demo-2.html]
[assets.website-files.com/6130aa3116b32a3a9aedff03/6130aa3116b32a5318edffe1_pexels-sam-lion-6002000_1.3.jpg]
[assets.website-files.com/6130aa3116b32a3a9aedff03/6130aa3116b32a91c6edffe0_SCREENSITE4-1.1.jpg]
[assets.website-files.com/6130aa3116b32a3a9aedff03/6130aa3116b32a430bedffe2_audrey-fretz-3ExPoluud54-unsplash_SMALL.jpg]
[assets.website-files.com/6130aa3116b32a67d6edff31/6130aa3116b32a8131ee00c5_SCREENAPP3.jpg]
[assets.website-files.com/6130aa3116b32a67d6edff31/6130aa3116b32a69e4edfffb_SCREENSITE4.jpg]
[assets.website-files.com/6130aa3116b32a3a9aedff03/6134d69d9c9a99ca00faefe2_pexels-william-fortunato-6140696 (1).jpg]
[agencyper.webflow.io/homepage/demo-3.html]
[assets.website-files.com/6130aa3116b32a3a9aedff03/6130aa3116b32a2f62edfff2_Small_1.jpg]
[assets.website-files.com/6130aa3116b32a3a9aedff03/6130aa3116b32ab900edfff0_Small_3.jpg]
[assets.website-files.com/6130aa3116b32a3a9aedff03/6130aa3116b32a15dbedfff1_Small_2.jpg]
[assets.website-files.com/6130aa3116b32a3a9aedff03/6130aa3116b32a45acedfff3_tyler-nix-_f-SG4SyxuM-unsplash.jpg]
[agencyper.webflow.io/homepage/demo-4.html]
[assets.website-files.com/6130aa3116b32a3a9aedff03/6134d88f834e8f7680a32f9f_pexels-cottonbro-4153800 (1).jpg]
[assets.website-files.com/6130aa3116b32a3a9aedff03/6130aa3116b32a3a5dee0049_iPhone_Macbook_4.jpg]
[assets.website-files.com/6130aa3116b32a3a9aedff03/6130aa3116b32a04ddee0043_harley-davidson-bs1eqd6zSiU-unsplash-(1).jpg]
[assets.website-files.com/6130aa3116b32a3a9aedff03/6130aa3116b32a1fc5ee0044_pexels-dmitriy-ganin-7537883-(1).jpg]
[assets.website-files.com/6130aa3116b32a67d6edff31/6130aa3116b32a45abee000e_jessica-felicio-JwREooPkMwc-unsplash.jpg]
[assets.website-files.com/6130aa3116b32a67d6edff31/61351bda4e4009b322e82f01_Alberald_Horizontal.jpg]
[assets.website-files.com/6130aa3116b32a67d6edff31/61351907eb1279854a6593b6_Cablogs_Horizontal.jpg]
[assets.website-files.com/6130aa3116b32a67d6edff31/6130aa3116b32a1db5ee00c1_windows-4jObbWz5vfI-unsplash.jpg]
[assets.website-files.com/6130aa3116b32a67d6edff31/6134dd3843244c15c3717fce_dynamic-wang-VtZdkY6NmRg-unsplash-(1).jpg]
[assets.website-files.com/6130aa3116b32a67d6edff31/6130aa3116b32a02e0ee00dd_stefan-lehner-HzxWkNsuOAg-unsplash.jpg]
[assets.website-files.com/6130aa3116b32a67d6edff31/6134dc6aaea447a9cc2a1172_pexels-moose-photos-1037915.jpg]
[assets.website-files.com/6130aa3116b32a67d6edff31/61351af3e16aa2a8dc5afbf7_SIlkvision_Horizontal.jpg]
[agencyper.webflow.io/homepage/demo-5.html]
[assets.website-files.com/6130aa3116b32a3a9aedff03/6130aa3116b32a6fbbedffae_SCREENSITE3-2.jpg]
[agencyper.webflow.io/homepage/demo-6.html]
[assets.website-files.com/6130aa3116b32a3a9aedff03/6130aa3116b32ac20bedffb0_pexels-amina-filkins-5560559-1.3.jpg]
[assets.website-files.com/6130aa3116b32a3a9aedff03/6130aa3116b32a54a4edffa7_SCREENSITE4.jpg]
[agencyper.webflow.io/homepage/demo-7.html]
[assets.website-files.com/6130aa3116b32a3a9aedff03/6134d69d2787a04ddb948bfe_pexels-william-fortunato-6140676 (1).jpg]
[agencyper.webflow.io/homepage/demo-8.html]
[agencyper.webflow.io/case-study/sportlab.html]
[assets.website-files.com/6130aa3116b32a67d6edff31/6130aa3116b32a6029ee011c_unsplash-CPyxxAB8B2M-unsplash.jpg]
[agencyper.webflow.io/homepage/demo-9.html]
[assets.website-files.com/6130aa3116b32a67d6edff31/6130aa3116b32a0aacee00cb_Albatros_Mockup.png]
[assets.website-files.com/6130aa3116b32a67d6edff31/6130aa3116b32a52d1ee00cd_Alberald_Mockup.png]
[assets.website-files.com/6130aa3116b32a67d6edff31/6130aa3116b32a782bee00cf_Cablogs_Mockup.png]
[assets.website-files.com/6130aa3116b32a67d6edff31/6130aa3116b32a0109ee00d1_Fastwire_Mockup.png]
[assets.website-files.com/6130aa3116b32a67d6edff31/6130aa3116b32a4834ee00d3_Herrods_Mockup.png]
[assets.website-files.com/6130aa3116b32a67d6edff31/6130aa3116b32a23fbee00d5_Ketfair_Mockup.png]
[agencyper.webflow.io/work/demo-1.html]
[assets.website-files.com/6130aa3116b32a67d6edff31/6130aa3116b32a42ffee00d7_Small_Mockup.png]
[agencyper.webflow.io/work/demo-4.html]
[agencyper.webflow.io/work/demo-7.html]
[assets.website-files.com/6130aa3116b32a67d6edff31/6130aa3116b32af189ee0021_stefan-lehner-DS2JrhXpEVY-unsplash.jpg]
[assets.website-files.com/6130aa3116b32a67d6edff31/6130aa3116b32a3242ee00bf_boxed-water-is-better-fTwAGXHfXoE-unsplash.jpg]
[assets.website-files.com/6130aa3116b32a67d6edff31/6130aa3116b32a3e8bee0059_aron-yigin-DkhuYmFQ9is-unsplash.jpg]
[assets.website-files.com/6130aa3116b32a67d6edff31/6130aa3116b32a8f89ee00c0_thisisengineering-raeng-HDPbafemBI4-unsplash.jpg]
[assets.website-files.com/6130aa3116b32a67d6edff31/6130aa3116b32a477bee0034_szabo-viktor-6zEfniBMs6c-unsplash.jpg]
[assets.website-files.com/6130aa3116b32a67d6edff31/6130aa3116b32a1b50ee0047_pexels-markus-spiske-1957688.jpg]
[assets.website-files.com/6130aa3116b32a67d6edff31/6130aa3116b32a2cb1ee0077_pexels-cottonbro-5788789.jpg]
[assets.website-files.com/6130aa3116b32a67d6edff31/6130aa3116b32a6695ee0078_dan-calderwood-NA7dNxe1-60-unsplash.jpg]
[assets.website-files.com/6130aa3116b32a67d6edff31/6130aa3116b32a1fbbee00c3_pexels-cottonbro-5767468.jpg]
[agencyper.webflow.io/blog/demo-1.html]
[agencyper.webflow.io/category/design.html]
[agencyper.webflow.io/utilities/style-guide.html]
[assets.website-files.com/6130aa3116b32a67d6edff31/61352e74598cc2ab82d541e9_Pro_1.jpg]
[assets.website-files.com/6130aa3116b32a67d6edff31/6130aa3116b32a505dee00be_iPhone_2.jpg]
[assets.website-files.com/6130aa3116b32a67d6edff31/613523caffbafa84691b2120_Phone_Comp_3.jpg]
[assets.website-files.com/6130aa3116b32a67d6edff31/61352e7de32da8618972b87e_Phone_Comp_2.jpg]
[assets.website-files.com/6130aa3116b32a67d6edff31/61352e81d050650ed096a979_Phone_Comp_1.jpg]
[assets.website-files.com/6130aa3116b32a67d6edff31/61352e8a304dbb7016e496c9_Pro_2.jpg]
[agencyper.webflow.io/case-study/albatros.html]
[assets.website-files.com/6130aa3116b32a67d6edff31/61352ed8fb865f5b147d0969_Phone_Comp_3.jpg]
[agencyper.webflow.io/case-study/alberald.html]
[agencyper.webflow.io/case-study/ketfair.html]
[agencyper.webflow.io/case-study/sportlab.html]
[agencyper.webflow.io/post/agency-businesses-dont-have-to-be-hard.html]
[agencyper.webflow.io/about/demo-1.html]
[agencyper.webflow.io/about/demo-2.html]
[agencyper.webflow.io/about/demo-3.html]
[agencyper.webflow.io/about/demo-4.html]
[agencyper.webflow.io/about/demo-5.html]
[agencyper.webflow.io/about/demo-6.html]
[agencyper.webflow.io/about/demo-7.html]
[agencyper.webflow.io/about/demo-8.html]
[agencyper.webflow.io/about/demo-9.html]
[agencyper.webflow.io/work/demo-2.html]
[agencyper.webflow.io/work/demo-3.html]
[agencyper.webflow.io/work/demo-5.html]
[agencyper.webflow.io/work/demo-6.html]
[agencyper.webflow.io/work/demo-8.html]
[agencyper.webflow.io/case-study/weblogic.html]
[agencyper.webflow.io/blog/demo-2.html]
[agencyper.webflow.io/blog/demo-3.html]
[assets.website-files.com/6130aa3116b32a67d6edff31/6130aa3116b32afbfaee00bd_iPhone_1.jpg]
[assets.website-files.com/6130aa3116b32a67d6edff31/6130aa3116b32ac498ee007b_martin-katler-53ZGsp1sOJY-unsplash.jpg]
[agencyper.webflow.io/post/agency-businesses-dont-have-to-be-hard.html]
[agencyper.webflow.io/author/lisa-walters.html]
[agencyper.webflow.io/contact/demo-1.html]
[agencyper.webflow.io/contact/demo-2.html]
[agencyper.webflow.io/contact/demo-3.html]
[agencyper.webflow.io/contact/demo-4.html]
[agencyper.webflow.io/contact/demo-5.html]
[agencyper.webflow.io/utilities/privacy-policy.html]
[agencyper.webflow.io/404.html]
[agencyper.webflow.io/utilities/faq.html]
[agencyper.webflow.io/utilities/licenses.html]
[agencyper.webflow.io/case-study/cablogs.html]
[agencyper.webflow.io/case-study/fastwire.html]
[agencyper.webflow.io/case-study/herrods.html]
[agencyper.webflow.io/homepage/_https_/assets.website-files.com/6058fae74428dbc4ec583ba1/605a114d43caa028d7128fcf_Closeup-poster-00001.html]
[agencyper.webflow.io/case-study/mediabion.html]
[agencyper.webflow.io/case-study/silkvision.html]
[agencyper.webflow.io/homepage/_https_/assets.website-files.com/6130aa3116b32a67d6edff31/6130aa3116b32aaa7aedffb6_SCREENSITE3.html]
[agencyper.webflow.io/homepage/_https_/assets.website-files.com/6130aa3116b32a67d6edff31/6130aa3116b32a3177edffc8_SCREENAPP.html]
[agencyper.webflow.io/homepage/_https_/assets.website-files.com/6130aa3116b32a67d6edff31/6130aa3116b32a69e4edfffb_SCREENSITE4.html]
[agencyper.webflow.io/post/10-super-easy-to-apply-web-design-tips.html]
[agencyper.webflow.io/blog/_https_/assets.website-files.com/6130aa3116b32a67d6edff31/6130aa3116b32a2979edff69_lisa.html]
[agencyper.webflow.io/post/what-i-love-about-working-for-agencyper.html]
[agencyper.webflow.io/post/what-is-like-to-collaborate-with-google.html]
[agencyper.webflow.io/post/the-secrets-to-our-company-culture.html]
[agencyper.webflow.io/post/why-the-customer-always-comes-1st.html]
[agencyper.webflow.io/post/lessons-from-our-apple-collaboration.html]
[agencyper.webflow.io/post/why-grids-are-a-bit-overrated-in-2021.html]
[agencyper.webflow.io/post/10-websites-to-find-design-inspiration.html]
[agencyper.webflow.io/post/26-lessons-i-learned-in-my-career.html]
[agencyper.webflow.io/post/writing-regularly-sharpens-your-mind.html]
[agencyper.webflow.io/category/_https_/assets.website-files.com/6130aa3116b32a67d6edff31/6130aa3116b32a2979edff69_lisa.html]
[agencyper.webflow.io/category/art-direction.html]
[agencyper.webflow.io/author/eric-phillips.html]
[agencyper.webflow.io/post/_https_/assets.website-files.com/6130aa3116b32a67d6edff31/6130aa3116b32a155aedff55_eric.html]
